// Jest Snapshot v1, https://goo.gl/fbAQLP

exports[`Landing Page Message Sign up button 1`] = `ShallowWrapper {}`;
