// Jest Snapshot v1, https://goo.gl/fbAQLP

exports[`Landing Page Navbar Navigation Links Login Button 1`] = `ShallowWrapper {}`;
