// Jest Snapshot v1, https://goo.gl/fbAQLP

exports[`Not Found Shoud display Not found 1`] = `ShallowWrapper {}`;
